../Src/GPT_program.c:27:9:GPT_u8Init	24	static
../Src/GPT_program.c:51:9:GPT_u8SetBusyWait	24	static
../Src/GPT_program.c:76:9:GPT_u8SetIntervalPeriodic	24	static
../Src/GPT_program.c:99:9:GPT_u8InitPwmChannel	24	static
../Src/GPT_program.c:160:9:GPT_u8SetPWM	24	static
../Src/GPT_program.c:226:9:GPT_u8Stop	24	static
../Src/GPT_program.c:248:6:TIMER_VoidICUInit	16	static
../Src/GPT_program.c:292:6:Timer_start	16	static
../Src/GPT_program.c:301:6:Timer_stop	16	static
../Src/GPT_program.c:309:6:Timer_VoidEmptyCounterRegister	16	static
../Src/GPT_program.c:318:6:Timer_VoidIcuTriggerEdge	16	static
../Src/GPT_program.c:342:10:TIMER_U16IcuGetCaptureValue	24	static
../Src/GPT_program.c:361:9:Timer_U8IcuGetCaptureFlag	24	static
../Src/GPT_program.c:380:6:TIMER_VoidIcuInterruptEnable	16	static
../Src/GPT_program.c:391:6:Timer_VoidClearFlag	16	static
../Src/GPT_program.c:401:6:TIMER_VoidIcuInterruptDisable	16	static
../Src/GPT_program.c:413:6:Timer_VoidTimeEventGenerationSet	16	static
../Src/GPT_program.c:425:6:TIM2_IRQHandler	8	static
../Src/GPT_program.c:434:6:TIM3_IRQHandler	8	static
../Src/GPT_program.c:443:6:TIM4_IRQHandler	8	static
