../Src/UART_Project.c:29:6:USART_Init	24	static
../Src/UART_Project.c:68:6:USART_BaudRate	24	static
../Src/UART_Project.c:81:6:USART_Enable	24	static
../Src/UART_Project.c:92:9:USART_u8ReadFlag	24	static
../Src/UART_Project.c:99:6:USART_CTSE	24	static
../Src/UART_Project.c:105:6:USART_RTSE	24	static
../Src/UART_Project.c:111:6:USART_TX_Data	24	static
../Src/UART_Project.c:121:9:USART_RX_Data	32	static
../Src/UART_Project.c:135:6:USART_RxIT_Enable	24	static
../Src/UART_Project.c:167:6:USART_voidClearFlags	24	static
../Src/UART_Project.c:173:9:USART_u8ReadDataRegister	24	static
../Src/UART_Project.c:181:6:USART1_voidSetCallBack	16	static
../Src/UART_Project.c:186:6:USART2_voidSetCallBack	16	static
../Src/UART_Project.c:191:6:USART3_voidSetCallBack	16	static
../Src/UART_Project.c:198:6:USART1_IRQHandler	8	static
../Src/UART_Project.c:208:6:USART2_IRQHandler	8	static
../Src/UART_Project.c:218:6:USART3_IRQHandler	8	static
